// Jest Snapshot v1, https://goo.gl/fbAQLP

exports[`TextInput renders properly 1`] = `
<div
  className="sc-bdVaJa iJGcvD"
>
  <label
    className="sc-htpNat gMwkjR"
  >
    Email
  </label>
  <input
    className="sc-bwzfXH iYsprg"
    onChange={[Function]}
    type="text"
  />
</div>
`;
